[    0.000000] Linux version 4.15.0-212-generic (buildd@lcy02-amd64-083) (gcc version 7.5.0 (Ubuntu 7.5.0-3ubuntu1~18.04)) #223-Ubuntu SMP Tue May 23 13:09:22 UTC 2023 (Ubuntu 4.15.0-212.223-generic 4.15.18)
[    0.000000] Command line: BOOT_IMAGE=/boot/vmlinuz-4.15.0-212-generic root=LABEL=cloudimg-rootfs ro console=tty1 console=ttyS0
[    0.000000] KERNEL supported cpus:
[    0.000000]   Intel GenuineIntel
[    0.000000]   AMD AuthenticAMD
[    0.000000]   Centaur CentaurHauls
[    0.000000] x86/fpu: x87 FPU will use FXSAVE
[    0.000000] e820: BIOS-provided physical RAM map:
[    0.000000] BIOS-e820: [mem 0x0000000000000000-0x000000000009fbff] usable
[    0.000000] BIOS-e820: [mem 0x000000000009fc00-0x000000000009ffff] reserved
[    0.000000] BIOS-e820: [mem 0x00000000000f0000-0x00000000000fffff] reserved
[    0.000000] BIOS-e820: [mem 0x0000000000100000-0x000000001ffeffff] usable
[    0.000000] BIOS-e820: [mem 0x000000001fff0000-0x000000001fffffff] ACPI data
[    0.000000] BIOS-e820: [mem 0x00000000fec00000-0x00000000fec00fff] reserved
[    0.000000] BIOS-e820: [mem 0x00000000fee00000-0x00000000fee00fff] reserved
[    0.000000] BIOS-e820: [mem 0x00000000fffc0000-0x00000000ffffffff] reserved
[    0.000000] NX (Execute Disable) protection: active
[    0.000000] SMBIOS 2.5 present.
[    0.000000] DMI: innotek GmbH VirtualBox/VirtualBox, BIOS VirtualBox 12/01/2006
[    0.000000] Hypervisor detected: KVM
[    0.000000] e820: last_pfn = 0x1fff0 max_arch_pfn = 0x400000000
[    0.000000] x86/PAT: Configuration [0-7]: WB  WC  UC- UC  WB  WP  UC- WT  
[    0.000000] CPU MTRRs all blank - virtualized system.
[    0.000000] found SMP MP-table at [mem 0x0009fbf0-0x0009fbff]
[    0.000000] Scanning 1 areas for low memory corruption
[    0.000000] RAMDISK: [mem 0x1db01000-0x1ee12fff]
[    0.000000] ACPI: Early table checksum verification disabled
[    0.000000] ACPI: RSDP 0x00000000000E0000 000024 (v02 VBOX  )
[    0.000000] ACPI: XSDT 0x000000001FFF0030 00003C (v01 VBOX   VBOXXSDT 00000001 ASL  00000061)
[    0.000000] ACPI: FACP 0x000000001FFF00F0 0000F4 (v04 VBOX   VBOXFACP 00000001 ASL  00000061)
[    0.000000] ACPI: DSDT 0x000000001FFF0610 002353 (v02 VBOX   VBOXBIOS 00000002 INTL 20100528)
[    0.000000] ACPI: FACS 0x000000001FFF0200 000040
[    0.000000] ACPI: FACS 0x000000001FFF0200 000040
[    0.000000] ACPI: APIC 0x000000001FFF0240 000054 (v02 VBOX   VBOXAPIC 00000001 ASL  00000061)
[    0.000000] ACPI: SSDT 0x000000001FFF02A0 00036C (v01 VBOX   VBOXCPUT 00000002 INTL 20100528)
[    0.000000] ACPI: Reserving FACP table memory at [mem 0x1fff00f0-0x1fff01e3]
[    0.000000] ACPI: Reserving DSDT table memory at [mem 0x1fff0610-0x1fff2962]
[    0.000000] ACPI: Reserving FACS table memory at [mem 0x1fff0200-0x1fff023f]
[    0.000000] ACPI: Reserving FACS table memory at [mem 0x1fff0200-0x1fff023f]
[    0.000000] ACPI: Reserving APIC table memory at [mem 0x1fff0240-0x1fff0293]
[    0.000000] ACPI: Reserving SSDT table memory at [mem 0x1fff02a0-0x1fff060b]
[    0.000000] No NUMA configuration found
[    0.000000] Faking a node at [mem 0x0000000000000000-0x000000001ffeffff]
[    0.000000] NODE_DATA(0) allocated [mem 0x1ffc5000-0x1ffeffff]
[    0.000000] kvm-clock: cpu 0, msr 0:1ff44001, primary cpu clock
[    0.000000] kvm-clock: Using msrs 4b564d01 and 4b564d00
[    0.000000] kvm-clock: using sched offset of 7629319907 cycles
[    0.000000] clocksource: kvm-clock: mask: 0xffffffffffffffff max_cycles: 0x1cd42e4dffb, max_idle_ns: 881590591483 ns
[    0.000000] Zone ranges:
[    0.000000]   DMA      [mem 0x0000000000001000-0x0000000000ffffff]
[    0.000000]   DMA32    [mem 0x0000000001000000-0x000000001ffeffff]
[    0.000000]   Normal   empty
[    0.000000]   Device   empty
[    0.000000] Movable zone start for each node
[    0.000000] Early memory node ranges
[    0.000000]   node   0: [mem 0x0000000000001000-0x000000000009efff]
[    0.000000]   node   0: [mem 0x0000000000100000-0x000000001ffeffff]
[    0.000000] Reserved but unavailable: 104 pages
[    0.000000] Initmem setup node 0 [mem 0x0000000000001000-0x000000001ffeffff]
[    0.000000] ACPI: PM-Timer IO Port: 0x4008
[    0.000000] IOAPIC[0]: apic_id 1, version 32, address 0xfec00000, GSI 0-23
[    0.000000] ACPI: INT_SRC_OVR (bus 0 bus_irq 0 global_irq 2 dfl dfl)
[    0.000000] ACPI: INT_SRC_OVR (bus 0 bus_irq 9 global_irq 9 low level)
[    0.000000] Using ACPI (MADT) for SMP configuration information
[    0.000000] smpboot: Allowing 1 CPUs, 0 hotplug CPUs
[    0.000000] PM: Registered nosave memory: [mem 0x00000000-0x00000fff]
[    0.000000] PM: Registered nosave memory: [mem 0x0009f000-0x0009ffff]
[    0.000000] PM: Registered nosave memory: [mem 0x000a0000-0x000effff]
[    0.000000] PM: Registered nosave memory: [mem 0x000f0000-0x000fffff]
[    0.000000] e820: [mem 0x20000000-0xfebfffff] available for PCI devices
[    0.000000] Booting paravirtualized kernel on KVM
[    0.000000] clocksource: refined-jiffies: mask: 0xffffffff max_cycles: 0xffffffff, max_idle_ns: 7645519600211568 ns
[    0.000000] setup_percpu: NR_CPUS:8192 nr_cpumask_bits:1 nr_cpu_ids:1 nr_node_ids:1
[    0.000000] percpu: Embedded 50 pages/cpu s167936 r8192 d28672 u2097152
[    0.000000] PV qspinlock hash table entries: 256 (order: 0, 4096 bytes)
[    0.000000] Built 1 zonelists, mobility grouping on.  Total pages: 128889
[    0.000000] Policy zone: DMA32
[    0.000000] Kernel command line: BOOT_IMAGE=/boot/vmlinuz-4.15.0-212-generic root=LABEL=cloudimg-rootfs ro console=tty1 console=ttyS0
[    0.000000] Memory: 466748K/523832K available (12300K kernel code, 2477K rwdata, 4324K rodata, 2480K init, 2720K bss, 57084K reserved, 0K cma-reserved)
[    0.000000] SLUB: HWalign=64, Order=0-3, MinObjects=0, CPUs=1, Nodes=1
[    0.000000] ftrace: allocating 39508 entries in 155 pages
[    0.004000] Hierarchical RCU implementation.
[    0.004000] 	RCU restricting CPUs from NR_CPUS=8192 to nr_cpu_ids=1.
[    0.004000] 	Tasks RCU enabled.
[    0.004000] RCU: Adjusting geometry for rcu_fanout_leaf=16, nr_cpu_ids=1
[    0.004000] NR_IRQS: 524544, nr_irqs: 256, preallocated irqs: 16
[    0.004000] random: crng init done
[    0.004000] Console: colour VGA+ 80x25
[    0.004000] console [tty1] enabled
[    0.004000] console [ttyS0] enabled
[    0.004000] ACPI: Core revision 20170831
[    0.004000] ACPI: 2 ACPI AML tables successfully acquired and loaded
[    0.004000] APIC: Switch to symmetric I/O mode setup
[    0.004000] ..TIMER: vector=0x30 apic1=0 pin1=2 apic2=-1 pin2=-1
[    0.004008] tsc: Detected 2303.998 MHz processor
[    0.008011] Calibrating delay loop (skipped) preset value.. 4607.99 BogoMIPS (lpj=9215992)
[    0.012007] pid_max: default: 32768 minimum: 301
[    0.016032] Security Framework initialized
[    0.018681] Yama: becoming mindful.
[    0.020024] AppArmor: AppArmor initialized
[    0.024071] Dentry cache hash table entries: 65536 (order: 7, 524288 bytes)
[    0.028032] Inode-cache hash table entries: 32768 (order: 6, 262144 bytes)
[    0.032012] Mount-cache hash table entries: 1024 (order: 1, 8192 bytes)
[    0.036008] Mountpoint-cache hash table entries: 1024 (order: 1, 8192 bytes)
[    0.041592] Last level iTLB entries: 4KB 0, 2MB 0, 4MB 0
[    0.044004] Last level dTLB entries: 4KB 0, 2MB 0, 4MB 0, 1GB 0
[    0.048006] Spectre V1 : Mitigation: usercopy/swapgs barriers and __user pointer sanitization
[    0.052006] Spectre V2 : Mitigation: Enhanced IBRS
[    0.056005] Spectre V2 : Spectre v2 / SpectreRSB mitigation: Filling RSB on context switch
[    0.060004] Spectre V2 : Spectre v2 / PBRSB-eIBRS: Retire a single CALL on VMEXIT
[    0.064003] RETBleed: Mitigation: Enhanced IBRS
[    0.068005] Speculative Store Bypass: Vulnerable
[    0.076433] Freeing SMP alternatives memory: 36K
[    0.192461] smpboot: CPU0: 11th Gen Intel(R) Core(TM) i7-11800H @ 2.30GHz (family: 0x6, model: 0x8d, stepping: 0x1)
[    0.196099] Performance Events: unsupported p6 CPU model 141 no PMU driver, software events only.
[    0.200038] Hierarchical SRCU implementation.
[    0.205083] NMI watchdog: Perf event create on CPU 0 failed with -2
[    0.208005] NMI watchdog: Perf NMI watchdog permanently disabled
[    0.212060] smp: Bringing up secondary CPUs ...
[    0.216004] smp: Brought up 1 node, 1 CPU
[    0.218564] smpboot: Max logical packages: 1
[    0.220003] smpboot: Total of 1 processors activated (4607.99 BogoMIPS)
[    0.224135] devtmpfs: initialized
[    0.228055] x86/mm: Memory block size: 128MB
[    0.230921] evm: security.selinux
[    0.232004] evm: security.SMACK64
[    0.236003] evm: security.SMACK64EXEC
[    0.238401] evm: security.SMACK64TRANSMUTE
[    0.240003] evm: security.SMACK64MMAP
[    0.242514] evm: security.apparmor
[    0.244002] evm: security.ima
[    0.248002] evm: security.capability
[    0.250542] clocksource: jiffies: mask: 0xffffffff max_cycles: 0xffffffff, max_idle_ns: 7645041785100000 ns
[    0.252032] futex hash table entries: 256 (order: 2, 16384 bytes)
[    0.256080] pinctrl core: initialized pinctrl subsystem
[    0.260355] RTC time: 23:03:41, date: 03/23/25
[    0.263215] NET: Registered protocol family 16
[    0.264083] audit: initializing netlink subsys (disabled)
[    0.268146] cpuidle: using governor ladder
[    0.272007] audit: type=2000 audit(1742771030.388:1): state=initialized audit_enabled=0 res=1
[    0.276009] cpuidle: using governor menu
[    0.280049] ACPI: bus type PCI registered
[    0.284004] acpiphp: ACPI Hot Plug PCI Controller Driver version: 0.5
[    0.288338] PCI: Using configuration type 1 for base access
[    0.293071] HugeTLB registered 2.00 MiB page size, pre-allocated 0 pages
[    0.296139] ACPI: Added _OSI(Module Device)
[    0.300004] ACPI: Added _OSI(Processor Device)
[    0.304003] ACPI: Added _OSI(3.0 _SCP Extensions)
[    0.308004] ACPI: Added _OSI(Processor Aggregator Device)
[    0.312016] ACPI: Added _OSI(Linux-Dell-Video)
[    0.314926] ACPI: Added _OSI(Linux-Lenovo-NV-HDMI-Audio)
[    0.316018] ACPI: Added _OSI(Linux-HPI-Hybrid-Graphics)
[    0.320634] ACPI: Executed 1 blocks of module-level executable AML code
[    0.328578] ACPI: Interpreter enabled
[    0.331149] ACPI: (supports S0 S5)
[    0.332004] ACPI: Using IOAPIC for interrupt routing
[    0.336573] PCI: Using host bridge windows from ACPI; if necessary, use "pci=nocrs" and report a bug
[    0.340304] ACPI: Enabled 2 GPEs in block 00 to 07
[    0.356101] ACPI: PCI Root Bridge [PCI0] (domain 0000 [bus 00-ff])
[    0.360012] acpi PNP0A03:00: _OSC: OS supports [ASPM ClockPM Segments MSI]
[    0.364798] acpi PNP0A03:00: _OSC: not requesting OS control; OS requires [ExtendedConfig ASPM ClockPM MSI]
[    0.368046] acpi PNP0A03:00: fail to add MMCONFIG information, can't access extended PCI configuration space under this bridge.
[    0.372649] PCI host bridge to bus 0000:00
[    0.376008] pci_bus 0000:00: root bus resource [io  0x0000-0x0cf7 window]
[    0.380005] pci_bus 0000:00: root bus resource [io  0x0d00-0xffff window]
[    0.384006] pci_bus 0000:00: root bus resource [mem 0x000a0000-0x000bffff window]
[    0.388006] pci_bus 0000:00: root bus resource [mem 0x20000000-0xfdffffff window]
[    0.392004] pci_bus 0000:00: root bus resource [bus 00-ff]
[    0.401744] pci 0000:00:01.1: legacy IDE quirk: reg 0x10: [io  0x01f0-0x01f7]
[    0.404006] pci 0000:00:01.1: legacy IDE quirk: reg 0x14: [io  0x03f6]
[    0.408007] pci 0000:00:01.1: legacy IDE quirk: reg 0x18: [io  0x0170-0x0177]
[    0.412005] pci 0000:00:01.1: legacy IDE quirk: reg 0x1c: [io  0x0376]
[    0.437429] pci 0000:00:07.0: quirk: [io  0x4000-0x403f] claimed by PIIX4 ACPI
[    0.440030] pci 0000:00:07.0: quirk: [io  0x4100-0x410f] claimed by PIIX4 SMB
[    0.457891] ACPI: PCI Interrupt Link [LNKA] (IRQs 5 9 10 *11)
[    0.460687] ACPI: PCI Interrupt Link [LNKB] (IRQs 5 9 *10 11)
[    0.464249] ACPI: PCI Interrupt Link [LNKC] (IRQs 5 *9 10 11)
[    0.468218] ACPI: PCI Interrupt Link [LNKD] (IRQs 5 9 10 *11)
[    0.472513] SCSI subsystem initialized
[    0.475576] pci 0000:00:02.0: vgaarb: setting as boot VGA device
[    0.476000] pci 0000:00:02.0: vgaarb: VGA device added: decodes=io+mem,owns=io+mem,locks=none
[    0.476007] pci 0000:00:02.0: vgaarb: bridge control possible
[    0.480003] vgaarb: loaded
[    0.484047] ACPI: bus type USB registered
[    0.488028] usbcore: registered new interface driver usbfs
[    0.492022] usbcore: registered new interface driver hub
[    0.496043] usbcore: registered new device driver usb
[    0.500076] EDAC MC: Ver: 3.0.0
[    0.504657] PCI: Using ACPI for IRQ routing
[    0.508746] NetLabel: Initializing
[    0.512003] NetLabel:  domain hash size = 128
[    0.516003] NetLabel:  protocols = UNLABELED CIPSOv4 CALIPSO
[    0.520027] NetLabel:  unlabeled traffic allowed by default
[    0.524151] clocksource: Switched to clocksource kvm-clock
[    0.566205] VFS: Disk quotas dquot_6.6.0
[    0.572213] VFS: Dquot-cache hash table entries: 512 (order 0, 4096 bytes)
[    0.577942] AppArmor: AppArmor Filesystem Enabled
[    0.581746] pnp: PnP ACPI init
[    0.585890] pnp: PnP ACPI: found 3 devices
[    0.599140] clocksource: acpi_pm: mask: 0xffffff max_cycles: 0xffffff, max_idle_ns: 2085701024 ns
[    0.605928] NET: Registered protocol family 2
[    0.609934] IP idents hash table entries: 8192 (order: 4, 65536 bytes)
[    0.614927] TCP established hash table entries: 4096 (order: 3, 32768 bytes)
[    0.623172] TCP bind hash table entries: 4096 (order: 4, 65536 bytes)
[    0.628841] TCP: Hash tables configured (established 4096 bind 4096)
[    0.633338] UDP hash table entries: 256 (order: 1, 8192 bytes)
[    0.638765] UDP-Lite hash table entries: 256 (order: 1, 8192 bytes)
[    0.643912] NET: Registered protocol family 1
[    0.647519] pci 0000:00:00.0: Limiting direct PCI/PCI transfers
[    0.652162] pci 0000:00:01.0: Activating ISA DMA hang workarounds
[    0.657298] pci 0000:00:02.0: Video device with shadowed ROM at [mem 0x000c0000-0x000dffff]
[    0.664977] Unpacking initramfs...
[    1.171756] Freeing initrd memory: 19528K
[    1.176545] clocksource: tsc: mask: 0xffffffffffffffff max_cycles: 0x2135f5e6f15, max_idle_ns: 440795231538 ns
[    1.186063] platform rtc_cmos: registered platform RTC device (no PNP device found)
[    1.193028] Scanning for low memory corruption every 60 seconds
[    1.199982] Initialise system trusted keyrings
[    1.203922] Key type blacklist registered
[    1.207813] workingset: timestamp_bits=36 max_order=17 bucket_order=0
[    1.214896] zbud: loaded
[    1.218035] squashfs: version 4.0 (2009/01/31) Phillip Lougher
[    1.223231] fuse init (API version 7.26)
[    1.228153] Key type asymmetric registered
[    1.231458] Asymmetric key parser 'x509' registered
[    1.235238] Block layer SCSI generic (bsg) driver version 0.4 loaded (major 246)
[    1.240618] io scheduler noop registered
[    1.243460] io scheduler deadline registered
[    1.246878] io scheduler cfq registered (default)
[    1.251006] ACPI: AC Adapter [AC] (on-line)
[    1.254975] input: Power Button as /devices/LNXSYSTM:00/LNXPWRBN:00/input/input0
[    1.261903] ACPI: Power Button [PWRF]
[    1.265771] input: Sleep Button as /devices/LNXSYSTM:00/LNXSLPBN:00/input/input1
[    1.272979] ACPI: Sleep Button [SLPF]
[    1.278739] ACPI: Battery Slot [BAT0] (battery present)
[    1.284002] Serial: 8250/16550 driver, 32 ports, IRQ sharing enabled
[    1.321434] 00:02: ttyS0 at I/O 0x3f8 (irq = 4, base_baud = 115200) is a 16550A
[    1.331556] Linux agpgart interface v0.103
[    1.338971] loop: module loaded
[    1.344025] scsi host0: ata_piix
[    1.347444] scsi host1: ata_piix
[    1.350830] ata1: PATA max UDMA/33 cmd 0x1f0 ctl 0x3f6 bmdma 0xd000 irq 14
[    1.357541] ata2: PATA max UDMA/33 cmd 0x170 ctl 0x376 bmdma 0xd008 irq 15
[    1.365150] tun: Universal TUN/TAP device driver, 1.6
[    1.371514] PPP generic driver version 2.4.2
[    1.376164] ehci_hcd: USB 2.0 'Enhanced' Host Controller (EHCI) Driver
[    1.382259] ehci-pci: EHCI PCI platform driver
[    1.386483] ehci-platform: EHCI generic platform driver
[    1.391197] ohci_hcd: USB 1.1 'Open' Host Controller (OHCI) Driver
[    1.396815] ohci-pci: OHCI PCI platform driver
[    1.400618] ohci-platform: OHCI generic platform driver
[    1.405069] uhci_hcd: USB Universal Host Controller Interface driver
[    1.410863] i8042: PNP: PS/2 Controller [PNP0303:PS2K,PNP0f03:PS2M] at 0x60,0x64 irq 1,12
[    1.420200] serio: i8042 KBD port at 0x60,0x64 irq 1
[    1.424279] serio: i8042 AUX port at 0x60,0x64 irq 12
[    1.428867] mousedev: PS/2 mouse device common for all mice
[    1.434817] input: AT Translated Set 2 keyboard as /devices/platform/i8042/serio0/input/input2
[    1.443931] rtc_cmos rtc_cmos: rtc core: registered rtc_cmos as rtc0
[    1.450458] rtc_cmos rtc_cmos: alarms up to one day, 114 bytes nvram
[    1.456508] i2c /dev entries driver
[    1.460290] device-mapper: uevent: version 1.0.3
[    1.465147] device-mapper: ioctl: 4.37.0-ioctl (2017-09-20) initialised: dm-devel@redhat.com
[    1.473410] ledtrig-cpu: registered to indicate activity on CPUs
[    1.480675] NET: Registered protocol family 10
[    1.490779] Segment Routing with IPv6
[    1.494010] NET: Registered protocol family 17
[    1.498551] Key type dns_resolver registered
[    1.502908] mce: Using 0 MCE banks
[    1.506177] RAS: Correctable Errors collector initialized.
[    1.511216] sched_clock: Marking stable (1511114685, 0)->(2241091712, -729977027)
[    1.518984] registered taskstats version 1
[    1.523625] Loading compiled-in X.509 certificates
[    1.586607] Loaded X.509 cert 'Build time autogenerated kernel key: b5b26778eaa3ab3a4a6cee031137706e947d12ad'
[    1.596769] Loaded X.509 cert 'Canonical Ltd. Live Patch Signing: 14df34d1a87cf37625abec039ef2bf521249b969'
[    1.606597] Loaded X.509 cert 'Canonical Ltd. Kernel Module Signing: 88f752e560a1e0737e31163a466ad7b70a850c19'
[    1.616045] blacklist: Loading compiled-in revocation X.509 certificates
[    1.622391] Loaded X.509 cert 'Canonical Ltd. Secure Boot Signing: 61482aa2830d0ab2ad5af10b7250da9033ddcef0'
[    1.631175] Loaded X.509 cert 'Canonical Ltd. Secure Boot Signing (2017): 242ade75ac4a15e50d50c84b0d45ff3eae707a03'
[    1.640265] Loaded X.509 cert 'Canonical Ltd. Secure Boot Signing (ESM 2018): 365188c1d374d6b07c3c8f240f8ef722433d6a8b'
[    1.650176] Loaded X.509 cert 'Canonical Ltd. Secure Boot Signing (2019): c0746fd6c5da3ae827864651ad66ae47fe24b3e8'
[    1.658700] Loaded X.509 cert 'Canonical Ltd. Secure Boot Signing (2021 v1): a8d54bbb3825cfb94fa13c9f8a594a195c107b8d'
[    1.668882] Loaded X.509 cert 'Canonical Ltd. Secure Boot Signing (2021 v2): 4cf046892d6fd3c9a5b03f98d845f90851dc6a8c'
[    1.679030] Loaded X.509 cert 'Canonical Ltd. Secure Boot Signing (2021 v3): 100437bb6de6e469b581e61cd66bce3ef4ed53af'
[    1.689152] Loaded X.509 cert 'Canonical Ltd. Secure Boot Signing (Ubuntu Core 2019): c1d57b8f6b743f23ee41f4f7ee292f06eecadfb9'
[    1.698463] zswap: loaded using pool lzo/zbud
[    1.708243] Key type big_key registered
[    1.712173] Key type trusted registered
[    1.718110] Key type encrypted registered
[    1.722172] AppArmor: AppArmor sha1 policy hashing enabled
[    1.727663] ima: No TPM chip found, activating TPM-bypass! (rc=-19)
[    1.733713] ima: Allocated hash algorithm: sha1
[    1.738590] evm: HMAC attrs: 0x1
[    1.742384]   Magic number: 1:664:100
[    1.746372] rtc_cmos rtc_cmos: setting system clock to 2025-03-23 23:03:43 UTC (1742771023)
[    1.753650] BIOS EDD facility v0.16 2004-Jun-25, 0 devices found
[    1.758339] EDD information not available.
[    1.764890] Freeing unused kernel image memory: 2480K
[    1.776386] Write protecting the kernel read-only data: 20480k
[    1.782401] Freeing unused kernel image memory: 2008K
[    1.787232] Freeing unused kernel image memory: 1820K
[    1.796102] x86/mm: Checked W+X mappings: passed, no W+X pages found.
Loading, please wait...
starting version 237
[    1.906308] e1000: Intel(R) PRO/1000 Network Driver - version 7.3.21-k8-NAPI
[    1.912085] e1000: Copyright (c) 1999-2006 Intel Corporation.
[    1.917504] Fusion MPT base driver 3.04.20
[    1.920793] Copyright (c) 1999-2008 LSI Corporation
[    1.969502] SSE version of gcm_enc/dec engaged.
[    1.982859] Fusion MPT SPI Host driver 3.04.20
[    2.194738] input: ImExPS/2 Generic Explorer Mouse as /devices/platform/i8042/serio1/input/input4
[    2.723513] e1000 0000:00:03.0 eth0: (PCI:33MHz:32-bit) 02:3b:7b:b7:3b:2d
[    2.730982] e1000 0000:00:03.0 eth0: Intel(R) PRO/1000 Network Connection
[    2.738318] mptbase: ioc0: Initiating bringup
[    2.851524] ioc0: LSI53C1030 A0: Capabilities={Initiator}
[    3.110841] scsi host2: ioc0: LSI53C1030 A0, FwRev=00000000h, Ports=1, MaxQ=256, IRQ=20
[    3.285088] scsi 2:0:0:0: Direct-Access     VBOX     HARDDISK         1.0  PQ: 0 ANSI: 5
[    3.294861] scsi target2:0:0: Beginning Domain Validation
[    3.305696] scsi target2:0:0: Domain Validation skipping write tests
[    3.310793] scsi target2:0:0: Ending Domain Validation
[    3.316078] scsi target2:0:0: asynchronous
[    3.321965] scsi 2:0:1:0: Direct-Access     VBOX     HARDDISK         1.0  PQ: 0 ANSI: 5
[    3.336973] scsi target2:0:1: Beginning Domain Validation
[    3.420250] scsi target2:0:1: Domain Validation skipping write tests
[    3.425779] scsi target2:0:1: Ending Domain Validation
[    3.438676] scsi target2:0:1: asynchronous
[    3.570642] sd 2:0:0:0: Attached scsi generic sg0 type 0
[    3.576247] sd 2:0:0:0: [sda] 83886080 512-byte logical blocks: (42.9 GB/40.0 GiB)
[    3.581954] sd 2:0:1:0: Attached scsi generic sg1 type 0
[    3.586565] sd 2:0:1:0: [sdb] 20480 512-byte logical blocks: (10.5 MB/10.0 MiB)
[    3.600847] sd 2:0:0:0: [sda] Write Protect is off
[    3.604631] sd 2:0:1:0: [sdb] Write Protect is off
[    3.609768] sd 2:0:0:0: [sda] Incomplete mode parameter data
[    3.614739] sd 2:0:0:0: [sda] Assuming drive cache: write through
[    3.636800] sd 2:0:1:0: [sdb] Incomplete mode parameter data
[    3.641896] sd 2:0:1:0: [sdb] Assuming drive cache: write through
[    3.659849]  sda: sda1
[    3.665669] sd 2:0:1:0: [sdb] Attached SCSI disk
[    3.701116] sd 2:0:0:0: [sda] Attached SCSI disk
[    4.099380] e1000 0000:00:08.0 eth1: (PCI:33MHz:32-bit) 08:00:27:c8:8c:0a
[    4.106000] e1000 0000:00:08.0 eth1: Intel(R) PRO/1000 Network Connection
[    4.113474] e1000 0000:00:03.0 enp0s3: renamed from eth0
[    4.126278] e1000 0000:00:08.0 enp0s8: renamed from eth1
Begin: Loading essential drivers ... [    5.984294] raid6: sse2x1   gen() 10864 MB/s
[    6.036383] raid6: sse2x1   xor()  8017 MB/s
[    6.100285] raid6: sse2x2   gen() 17722 MB/s
[    6.152244] raid6: sse2x2   xor()  7316 MB/s
[    6.224193] raid6: sse2x4   gen() 19412 MB/s
[    6.276217] raid6: sse2x4   xor()  9115 MB/s
[    6.288194] raid6: using algorithm sse2x4 gen() 19412 MB/s
[    6.293880] raid6: .... xor() 9115 MB/s, rmw enabled
[    6.302810] raid6: using ssse3x2 recovery algorithm
[    6.318315] xor: measuring software checksum speed
[    6.433030]    prefetch64-sse: 55220.000 MB/sec
[    6.536039]    generic_sse: 54713.000 MB/sec
[    6.540109] xor: using function: prefetch64-sse (55220.000 MB/sec)
[    6.546752] async_tx: api initialized (async)
done.
Begin: Running /scripts/init-premount ... done.
Begin: Mounting root file system ... Begin: Running /scripts/local-top ... done.
Begin: Running /scripts/local-premount ... [    6.604708] Btrfs loaded, crc32c=crc32c-intel
Scanning for Btrfs filesystems
done.
Warning: fsck not present, so skipping root file system
[    6.877319] EXT4-fs (sda1): mounted filesystem with ordered data mode. Opts: (null)
done.
Begin: Running /scripts/local-bottom ... done.
Begin: Running /scripts/init-bottom ... done.
[    8.658522] ip_tables: (C) 2000-2006 Netfilter Core Team
[    8.808357] systemd[1]: systemd 237 running in system mode. (+PAM +AUDIT +SELINUX +IMA +APPARMOR +SMACK +SYSVINIT +UTMP +LIBCRYPTSETUP +GCRYPT +GNUTLS +ACL +XZ +LZ4 +SECCOMP +BLKID +ELFUTILS +KMOD -IDN2 +IDN -PCRE2 default-hierarchy=hybrid)
[    8.822221] systemd[1]: Detected virtualization oracle.
[    8.825791] systemd[1]: Detected architecture x86-64.

Welcome to [1mUbuntu 18.04.6 LTS[0m!

[    8.868154] systemd[1]: Set hostname to <ubuntu>.
[    9.011030] systemd[1]: Initializing machine ID from random generator.
[    9.018214] systemd[1]: Installed transient /etc/machine-id file.
[   11.323885] systemd[1]: Created slice System Slice.
[[0;32m  OK  [0m] Created slice System Slice.
[   11.330090] systemd[1]: Listening on Journal Audit Socket.
[[0;32m  OK  [0m] Listening on Journal Audit Socket.
[   11.335922] systemd[1]: Reached target Swap.
[[0;32m  OK  [0m] Reached target Swap.
[   11.341349] systemd[1]: Listening on /dev/initctl Compatibility Named Pipe.
[[0;32m  OK  [0m] Listening on /dev/initctl Compatibility Named Pipe.
[[0;32m  OK  [0m] Listening on Journal Socket (/dev/log).
[[0;32m  OK  [0m] Listening on fsck to fsckd communication Socket.
[[0;32m  OK  [0m] Listening on LVM2 metadata daemon socket.
[[0;32m  OK  [0m] Set up automount Arbitrary Executabâ€¦rmats File System Automount Point.
[[0;32m  OK  [0m] Listening on Journal Socket.
         Starting Uncomplicated firewall...
         Mounting Huge Pages File System...
         Starting File System Check on Root Device...
         Starting Create list of required stâ€¦ce nodes for the current kernel...
         Mounting POSIX Message Queue File System...
[[0;32m  OK  [0m] Reached target User and Group Name Lookups.
[[0;32m  OK  [0m] Started Forward Password Requests to Wall Directory Watch.
         Starting Set the console keyboard layout...
[[0;32m  OK  [0m] Listening on udev Kernel Socket.
[[0;32m  OK  [0m] Created slice User and Session Slice.
[[0;32m  OK  [0m] Listening on Device-mapper event daemon FIFOs.
[[0;32m  OK  [0m] Reached target System Time Synchronized.
         Starting Load Kernel Modules...
[[0;32m  OK  [0m] Listening on udev Control Socket.
         Mounting Kernel Debug File System...
[[0;32m  OK  [0m] Reached target Slices.
[   11.458611] Loading iSCSI transport class v2.0-870.
[[0;32m  OK  [0m] Reached target Mounting snaps.
[[0;32m  OK  [0m] Reached target Mounted snaps.
[[0;32m  OK  [0m] Listening on Network Service Netlink Socket.
         Starting Monitoring of LVM2 mirrorsâ€¦ng dmeventd or progress polling...
         Starting udev Coldplug all Devices...
[[0;32m  OK  [0m[   11.507681] iscsi: registered transport (tcp)
] Listening on Syslog Socket.
         Starting Journal Service...
[[0;32m  OK  [0m] Created slice system-serial\x2dgetty.slice.
[[0;32m  OK  [0m] Listening on LVM2 poll daemon socket.
[[0;32m  OK  [0m] Started Uncomplicated firewall.
[[0;32m  OK  [0m] Mounted Huge Pages File System.
[[0;32m  OK  [0m] Started File System Check on Root Device.
[[0;32m  OK  [0m] Started Create list of required staâ€¦vice nodes for the current kernel.
[[0;32m  OK  [0m] Mounted POSIX Message Queue File System.
[[0;32m  OK  [0m] Mounted Kernel Debug File System.
[[0;32m  OK  [0m] Started File System Check Daemon to report status.
         Starting Create Static Device Nodes in /dev...
         Starting Remount Root and Kernel File Systems...
[[0;32m  OK  [0m] Started LVM2 metadata daemon.
[   11.651120] iscsi: registered transport (iser)
[[0;32m  OK  [0m] Started Journal Service.
[[0;32m  OK  [0m] Started Load Kernel Modules.
         Mounting FUSE Control File System...
         Mounting Kernel Configuration File System...
         Starting Apply Kernel Variables...
[[0;32m  OK  [0m] Started udev Coldplug all Devices.
[[0;32m  OK  [0m] Mounted FUSE Control File System.
[[0;32m  OK  [0m] Mounted Kernel Configuration File System.
[[0;32m  OK  [0m] Started Create Static Device Nodes in /dev.
[[0;32m  OK  [0m] Started Remount Root and Kernel File Systems.
         Starting Load/Save Random Seed...
         Starting udev Kernel Device Manager...
         Starting Flush Journal to Persistent Storage...
[[0;32m  OK  [0m] Started Monitoring of LVM2 mirrors,â€¦sing dmeventd or progress polling.
[[0;32m  OK  [0m] Started Apply Kernel Variables.
[[0;32m  OK  [0m] Started Load/Save Random Seed.
[[0;32m  OK  [0m] Started udev Kernel Device Manager.
[[0;32m  OK  [0m] Started Flush Journal to Persistent Storage.
[[0;32m  OK  [0m] Found device /dev/ttyS0.
[[0;32m  OK  [0m] Listening on Load/Save RF Kill Switch Status /dev/rfkill Watch.
[[0;32m  OK  [0m] Started Set the console keyboard layout.
[[0;32m  OK  [0m] Started Dispatch Password Requests to Console Directory Watch.
[[0;32m  OK  [0m] Reached target Local Encrypted Volumes.
[[0;32m  OK  [0m] Reached target Local File Systems (Pre).
[[0;32m  OK  [0m] Reached target Local File Systems.
         Starting Set console font and keymap...
         Starting AppArmor initialization...
         Starting Tell Plymouth To Write Out Runtime Data...
         Starting Commit a transient machine-id on disk...
         Starting Create Volatile Files and Directories...
         Starting ebtables ruleset management...
[[0;32m  OK  [0m] Started Tell Plymouth To Write Out Runtime Data.
[[0;32m  OK  [0m] Started Commit a transient machine-id on disk.
[[0;32m  OK  [0m] Started Create Volatile Files and Directories.
         Mounting Arbitrary Executable File Formats File System...
         Starting Update UTMP about System Boot/Shutdown...
[[0;32m  OK  [0m] Started Update UTMP about System Boot/Shutdown.
[[0;32m  OK  [0m] Mounted Arbitrary Executable File Formats File System.
[[0;32m  OK  [0m] Started ebtables ruleset management.
[[0;32m  OK  [0m] Started AppArmor initialization.
         Starting Initial cloud-init job (pre-networking)...
         Starting Load AppArmor profiles managed internally by snapd...
[[0;32m  OK  [0m] Started Set console font and keymap.
[[0;32m  OK  [0m] Started Load AppArmor profiles managed internally by snapd.
[   16.685890] cloud-init[771]: Cloud-init v. 23.1.2-0ubuntu0~18.04.1 running 'init-local' at Sun, 23 Mar 2025 23:03:58 +0000. Up 16.30 seconds.
[[0;32m  OK  [0m] Started Initial cloud-init job (pre-networking).
[[0;32m  OK  [0m] Reached target Network (Pre).
         Starting Network Service...
[[0;32m  OK  [0m] Started Network Service.
         Starting Network Name Resolution...
         Starting Wait for Network to be Configured...
[[0;32m  OK  [0m] Started Network Name Resolution.
[[0;32m  OK  [0m] Reached target Network.
[[0;32m  OK  [0m] Reached target Host and Network Name Lookups.
[[0;32m  OK  [0m] Started Wait for Network to be Configured.
         Starting Initial cloud-init job (metadata service crawler)...
[   19.232128] cloud-init[909]: Cloud-init v. 23.1.2-0ubuntu0~18.04.1 running 'init' at Sun, 23 Mar 2025 23:04:00 +0000. Up 19.10 seconds.
[   19.241757] cloud-init[909]: ci-info: ++++++++++++++++++++++++++++++++++++++Net device info+++++++++++++++++++++++++++++++++++++++
[   19.254479] cloud-init[909]: ci-info: +--------+-------+----------------------------+---------------+--------+-------------------+
[   19.265971] cloud-init[909]: ci-info: | Device |   Up  |          Address           |      Mask     | Scope  |     Hw-Address    |
[   19.281707] cloud-init[909]: ci-info: +--------+-------+----------------------------+---------------+--------+-------------------+
[   19.290872] cloud-init[909]: ci-info: | enp0s3 |  True |         10.0.2.15          | 255.255.255.0 | global | 02:3b:7b:b7:3b:2d |
[   19.303383] cloud-init[909]: ci-info: | enp0s3 |  True | fd00::3b:7bff:feb7:3b2d/64 |       .       | global | 02:3b:7b:b7:3b:2d |
[   19.313252] cloud-init[909]: ci-info: | enp0s3 |  True | fe80::3b:7bff:feb7:3b2d/64 |       .       |  link  | 02:3b:7b:b7:3b:2d |
[   19.332687] cloud-init[909]: ci-info: | enp0s8 | False |             .              |       .       |   .    | 08:00:27:c8:8c:0a |
[   19.338733] cloud-init[909]: ci-info: |   lo   |  True |         127.0.0.1          |   255.0.0.0   |  host  |         .         |
[   19.352043] cloud-init[909]: ci-info: |   lo   |  True |          ::1/128           |       .       |  host  |         .         |
[   19.361669] cloud-init[909]: ci-info: +--------+-------+----------------------------+---------------+--------+-------------------+
[   19.367217] cloud-init[909]: ci-info: ++++++++++++++++++++++++++++Route IPv4 info+++++++++++++++++++++++++++++
[   19.373699] cloud-init[909]: ci-info: +-------+-------------+----------+-----------------+-----------+-------+
[   19.379892] cloud-init[909]: ci-info: | Route | Destination | Gateway  |     Genmask     | Interface | Flags |
[   19.388671] cloud-init[909]: ci-info: +-------+-------------+----------+-----------------+-----------+-------+
[   19.399000] cloud-init[909]: ci-info: |   0   |   0.0.0.0   | 10.0.2.2 |     0.0.0.0     |   enp0s3  |   UG  |
[   19.408111] cloud-init[909]: ci-info: |   1   |   10.0.2.0  | 0.0.0.0  |  255.255.255.0  |   enp0s3  |   U   |
[   19.418498] cloud-init[909]: ci-info: |   2   |   10.0.2.2  | 0.0.0.0  | 255.255.255.255 |   enp0s3  |   UH  |
[   19.436367] cloud-init[909]: ci-info: +-------+-------------+----------+-----------------+-----------+-------+
[   19.451751] cloud-init[909]: ci-info: +++++++++++++++++++Route IPv6 info+++++++++++++++++++
[   19.460797] cloud-init[909]: ci-info: +-------+-------------+---------+-----------+-------+
[   19.465422] cloud-init[909]: ci-info: | Route | Destination | Gateway | Interface | Flags |
[   19.480733] cloud-init[909]: ci-info: +-------+-------------+---------+-----------+-------+
[   19.487720] cloud-init[909]: ci-info: |   1   |  fd00::/64  |    ::   |   enp0s3  |   U   |
[   19.501858] cloud-init[909]: ci-info: |   2   |  fe80::/64  |    ::   |   enp0s3  |   U   |
[   19.509474] cloud-init[909]: ci-info: |   3   |     ::/0    | fe80::2 |   enp0s3  |   UG  |
[   19.517446] cloud-init[909]: ci-info: |   5   |    local    |    ::   |   enp0s3  |   U   |
[   19.522654] cloud-init[909]: ci-info: |   6   |   ff00::/8  |    ::   |   enp0s3  |   U   |
[   19.526269] cloud-init[909]: ci-info: +-------+-------------+---------+-----------+-------+
[   20.656917] cloud-init[909]: Generating public/private rsa key pair.
[   20.672706] cloud-init[909]: Your identification has been saved in /etc/ssh/ssh_host_rsa_key.
[   20.679194] cloud-init[909]: Your public key has been saved in /etc/ssh/ssh_host_rsa_key.pub.
[   20.692202] cloud-init[909]: The key fingerprint is:
[   20.696695] cloud-init[909]: SHA256:3TiBcIqYCpg8EljsNb26S9dhj9HItpPYScVYLkR5DXE root@ubuntu-bionic
[   20.713697] cloud-init[909]: The key's randomart image is:
[[0;32m  OK  [0m] [   20.732702] cloud-init[909]: +---[RSA 2048]----+
Started Initial cloud-init job (metadata service crawler).
[[0;32m  OK  [0m] Reached target Cloud-config availability.[   20.741314] cloud-init[909]: |oo.  ...+.++E    |

[[0;32m  OK  [0m] Reached target Network is Online.
[[0;32m  OK  [0m] Reached target Remote File Systems (Pre).[   20.754500] cloud-init[909]: 
[[0;32m  OK  [0m] Reached target Remote File Systems.|+o.oo..=.*...    |

         Starting Availability of block devices...[   20.769083] cloud-init[909]: |=+o.....+.=      |

[[0;32m  OK  [0m] Reached target System Initialization.
[   20.784754] cloud-init[909]: |o.o   .. * +     |[[0;32m  OK  [0m] Started ACPI Events Check.
[[0;32m  OK  [0m] Listening on cloud-init hotplug hook socket.
[[0;32m  OK  [0m] 
[   20.801919] cloud-init[909]: |.    .  S = .    |Started Daily apt download activities.
[
[   20.811169] cloud-init[0;32m  OK  [0m] Listening on ACPID Listen Socket.
[909]: |    .  B O .     |
[[0;32m  OK  [0m] Started Daily apt upgrade and clean activities.[   20.824880] cloud-init[909]: 
[[0;32m  OK  [0m] Started Ubuntu Advantage Timer for running repeated jobs.|    ..o O .      |
[   20.834524] cloud-init[909]: 
|   ...   .       |         Starting LXD - unix socket.
[   20.840812] cloud-init[909]: |    ..           |
[   20.843828] 
[[0;32m  OK  [0m] Listening on UUID daemon activation socket.
[[0;32m  OK  [0mcloud-init[909]: +----[SHA256]-----+
[   20.851914] ] Listening on Open-iSCSI iscsid Socket.
[[0;32m  OK  [0m] Started Daily Cleanup of Temporary Directories.
[[0;32m  OK  [0m] Started Discard unused blocks once a week.
cloud-init[909]: Generating public/private dsa key pair.
[[0;32m  OK  [0m] Started Message of the Day.
         Starting Socket activation for snappy daemon.
[[0;32m  OK  [0m] [   20.884672] cloud-init[909]: Your identification has been saved in /etc/ssh/ssh_host_dsa_key.Reached target Timers.
[[0;32m  OK  [0m] Listening on D-Bus System Message Bus Socket.
[[0;32m  OK  [0m
[   20.899388] ] Reached target Paths.
cloud-init[909]: Your public key has been saved in /etc/ssh/ssh_host_dsa_key.pub.
[[0;32m  OK  [0m] Started Availability of block devices.[   20.908614] cloud-init[909]: The key fingerprint is:
[   20.911417] 
[[0;32m  OK  [0m] Listening on LXD - unix socket.
[[0;32m  OK  [0m] Listening on Socket activation for snappy daemon.
[cloud-init[909]: SHA256:NR6IiWDUS3IhSmB33DNli9Fc5Lf3XZlCrSG9GA698pY root@ubuntu-bionic[0;32m  OK  [0m] Reached target Sockets.
[[0;32m  OK  [0m] Reached target Basic System.
[   20.937511] cloud-init[909]: The key's randomart image is:

         Starting Dispatcher daemon for systemd-networkd...
[   20.948287] cloud-init[909]: +---[DSA 1024]----+
[   20.951921]          Starting Virtualbox guest utils...
[[0;32m  OK  [0m] Started Deferred execution scheduler.
[[0;32m  OK  [0m] Started irqbalance daemon.
         Starting Permit User Sessions...
         Starting LSB: Record successful boot for GRUB...cloud-init
[[0;32m  OK  [0m] Reached target Login Prompts (Pre).
[909]:          Starting LSB: automatic crash report generation...
|o+=ooo..+ooo     |         Starting Login Service...
         Starting Pollinate to seed the pseudo random number generator...
         Starting System Logging Service...
[[0;32m  OK  [0m] Started FUSE filesystem for LXC.

[   21.055813] cloud-init[909]: |oooo=o *+++ . .  |
[[0;32m  OK  [0m] Started Regular background program processing daemon.
[[0;32m  OK  [0m] Started D-Bus System Message Bus.
[   21.089321] cloud-init[909]: |.  +..o.+o+= = . |
[   21.109200] cloud-init[909]: |    .    oooB = o|
[   21.123652] cloud-init[909]: |        S..+ = +.|
[   21.143056] cloud-init[909]: |          o . o +|
[   21.152931] cloud-init[909]: |           E    o|
[   21.163314] cloud-init[909]: |          .      |
[   21.174822] cloud-init[909]: |                 |
         Starting Accounts Service...
[   21.202222] cloud-init[909]: +----[SHA256]-----+
[   21.221208]          Starting Snap Daemon...
         Starting LXD - container startup/shutdown...
cloud-init[[0;32m  OK  [0m] Started System Logging Service.
[[0;32m  OK  [0m] Started Permit User Sessions.
[909]: Generating public/private ecdsa key pair.
[   21.301984] cloud-init[909]: Your identification has been saved in /etc/ssh/ssh_host_ecdsa_key.
[   21.331357] cloud-init[909]: Your public key has been saved in /etc/ssh/ssh_host_ecdsa_key.pub.
[   21.345867] cloud-init[909]: The key fingerprint is:
[   21.354190] cloud-init[909]: SHA256:nys1xQh3CI855lku2LmHz+JOCeMdeHu0QBJg11Yc1GM root@ubuntu-bionic
[   21.364235] cloud-init[909]: The key's randomart image is:
[   21.375415] cloud-init[909]: +---[ECDSA 256]---+
[   21.384298] cloud-init[909]: |    o.o..=++     |
[   21.391648] cloud-init[909]: |   . . .+++ E    |
[   21.404521] cloud-init[909]: |      ..*oo= .   |
[   21.409499] cloud-init[909]: |       O *. o    |
[   21.412585] cloud-init[909]: |      = S o.     |
[   21.415026] cloud-init[909]: |     . = @oo     |
[   21.417686] cloud-init[909]: |      . B.*.     |
[   21.419984] cloud-init[909]: |       .o= .     |
[   21.422449] cloud-init[909]: |       ooo+      |
[   21.425281] cloud-init[909]: +----[SHA256]-----+
[   21.431242] cloud-init[909]: Generating public/private ed25519 key pair.
[   21.435035] cloud-init[909]: Your identification has been saved in /etc/ssh/ssh_host_ed25519_key.
[   21.442606] cloud-init[909]: Your public key has been saved in /etc/ssh/ssh_host_ed25519_key.pub.
[   21.447761] cloud-init[909]: The key fingerprint is:
[   21.451574] cloud-init[909]: SHA256:76NFkhq+CJwl4ZffYlAPYfva+PdkxbtNN+p1amYlAvQ root@ubuntu-bionic
[   21.455636] cloud-init[909]: The key's randomart image is:
[   21.458461] cloud-init[909]: +--[ED25519 256]--+
[   21.461031] cloud-init[909]: |      o          |
[   21.463448] cloud-init[909]: |     . o  .      |
[   21.465976] cloud-init[909]: |  .   +  . .     |
[   21.468889] cloud-init[909]: [[0;32m  OK  [0m] Started Login Service.
| . . o + .. E.   |
[   21.479902] cloud-init[909]: |  o = . S ..  o  |
[   21.487676] cloud-init[909]: | . = + B +  .....|
[   21.496122] cloud-init[909]: |  +   O o o o..=+|
[   21.499211] cloud-init[909]: |   . o + ooo  *=+|
[   21.502956] cloud-init[909]: |    . . oo.oo*o .|
[   21.509378] cloud-init[909]: +----[SHA256]-----+
[[0;32m  OK  [0m] Started LSB: automatic crash report generation.
         Starting Authorization Manager...
[[0;32m  OK  [0m] Started Unattended Upgrades Shutdown.
         Starting Hostname Service...
         Starting Terminate Plymouth Boot Screen...
         Starting Hold until boot process finishes up...
[[0;32m  OK  [0m] Started Hold until boot process finishes up.
[[0;32m  OK  [0m] Started Serial Getty on ttyS0.
         Starting Set console scheme...
[[0;32m  OK  [0m] Started Terminate Plymouth Boot Screen.
[[0;32m  OK  [0m] Started Set console scheme.
[[0;32m  OK  [0m] Created slice system-getty.slice.
[[0;32m  OK  [0m] Started Getty on tty1.
[[0;32m  OK  [0m] Reached target Login Prompts.
[[0;32m  OK  [0m] Started Hostname Service.
[[0;32m  OK  [0m] Started LSB: Record successful boot for GRUB.
[[0;32m  OK  [0m] Started Authorization Manager.
[[0;32m  OK  [0m] Started Accounts Service.
[[0;32m  OK  [0m] Started LXD - container startup/shutdown.
[[0;32m  OK  [0m] Started Virtualbox guest utils.
[[0;32m  OK  [0m] Started Dispatcher daemon for systemd-networkd.
[[0;32m  OK  [0m] Started Snap Daemon.
         Starting Wait until snapd is fully seeded...
         Starting Time & Date Service...
[[0;32m  OK  [0m] Started Time & Date Service.

Ubuntu 18.04.6 LTS ubuntu-bionic ttyS0

ubuntu-bionic login: [   59.457685] cloud-init[2403]: Cloud-init v. 23.1.2-0ubuntu0~18.04.1 running 'modules:config' at Sun, 23 Mar 2025 23:04:35 +0000. Up 53.44 seconds.
ci-info: no authorized SSH keys fingerprints found for user ubuntu.
<14>Mar 23 23:04:44 cloud-init: #############################################################
<14>Mar 23 23:04:44 cloud-init: -----BEGIN SSH HOST KEY FINGERPRINTS-----
<14>Mar 23 23:04:44 cloud-init: 1024 SHA256:NR6IiWDUS3IhSmB33DNli9Fc5Lf3XZlCrSG9GA698pY root@ubuntu-bionic (DSA)
<14>Mar 23 23:04:44 cloud-init: 256 SHA256:nys1xQh3CI855lku2LmHz+JOCeMdeHu0QBJg11Yc1GM root@ubuntu-bionic (ECDSA)
<14>Mar 23 23:04:44 cloud-init: 256 SHA256:76NFkhq+CJwl4ZffYlAPYfva+PdkxbtNN+p1amYlAvQ root@ubuntu-bionic (ED25519)
<14>Mar 23 23:04:44 cloud-init: 2048 SHA256:3TiBcIqYCpg8EljsNb26S9dhj9HItpPYScVYLkR5DXE root@ubuntu-bionic (RSA)
<14>Mar 23 23:04:44 cloud-init: -----END SSH HOST KEY FINGERPRINTS-----
<14>Mar 23 23:04:44 cloud-init: #############################################################
-----BEGIN SSH HOST KEY KEYS-----
ecdsa-sha2-nistp256 AAAAE2VjZHNhLXNoYTItbmlzdHAyNTYAAAAIbmlzdHAyNTYAAABBBKBBUkuQ2ORNCH3dBXh2UXPYAQm9zCiBFTVk9eRiDCotsggZQ7EY4yq84XAAhHli5h8TVQd5Htl6wflv506tvfU= root@ubuntu-bionic
ssh-ed25519 AAAAC3NzaC1lZDI1NTE5AAAAIP6YofjCoGPGK2Hfjry+sK+AtIBriS8fZN/4WGYQVq1Y root@ubuntu-bionic
ssh-rsa AAAAB3NzaC1yc2EAAAADAQABAAABAQDQV0wJ4FyznEyqLpUo7AcdKf+S5gzYQmrvRjMR5cS9jLDJ+6HE5VHzkZRU7UWh0y1KUUlH/uKezTqK4d4hwZMZgbfPVoxrCx0FGUq3LXjSf/jbogPBzadT48klLmWsROksAFIm7lw7b7YA4KDVprBNR01f3DTNFp6I8KibFg4zd+LG22YQpgOzINxQ6u6G/doeZBsJe076TwqdF8uzyl0+df7mwEZi6OGdVpIC1dkqzj0HTwDrmGRt1/fAw7cEDqEUes+TOFBNo7U/MiE5cw8l4adg0gF92zlQ8jQ/+Lcp1SAle11Ri6Wzlk+rZB7umK/Z6WS/VCQIdRlLf9WzII7n root@ubuntu-bionic
-----END SSH HOST KEY KEYS-----
[   63.133018] cloud-init[2737]: Cloud-init v. 23.1.2-0ubuntu0~18.04.1 running 'modules:final' at Sun, 23 Mar 2025 23:04:44 +0000. Up 62.48 seconds.
[   63.147552] cloud-init[2737]: Cloud-init v. 23.1.2-0ubuntu0~18.04.1 finished at Sun, 23 Mar 2025 23:04:44 +0000. Datasource DataSourceNoCloud [seed=/dev/sdb][dsmode=net].  Up 63.03 seconds
